// Jest Snapshot v1, https://goo.gl/fbAQLP

exports[`Search renders the Search component 1`] = `
<div
  className="Search"
>
  <div
    className="SearchBar"
  >
    <form
      id="form"
      onSubmit={[Function]}
    >
      <button
        className="SubmitBtn"
        type="submit"
      />
      <input
        onChange={[Function]}
        type="search"
      />
    </form>
  </div>
</div>
`;
